C51 COMPILER V9.01   LINEDTC                                                               05/11/2017 09:53:24 PAGE 1   


C51 COMPILER V9.01, COMPILATION OF MODULE LINEDTC
OBJECT MODULE PLACED IN linedtc.OBJ
COMPILER INVOKED BY: F:\工具软件\KEIL\C51\BIN\C51.EXE linedtc.c BROWSE DEBUG OBJECTEXTEND

line level    source

   1          #include<reg51.h>
   2          #include"config.h"
   3          #include"TimeDLY.h"
   4          #include"IOCfg.c"
   5          #include"StepMot.h"
   6          #include"linedtc.h"
   7          
   8          //黑线检测函数：linedtc()
   9          bit  linedtc()
  10          {
  11   1              bit x;
  12   1              if(Follow_L  == 0) //检测到黑线
  13   1              {
  14   2                      Guide = 1;  //声光报警
  15   2                      x = 1;          
  16   2              }
  17   1              else
  18   1              {
  19   2                      Guide = 0;
  20   2                      x = 0;
  21   2              }
  22   1              return x;
  23   1      }


MODULE INFORMATION:   STATIC OVERLAYABLE
   CODE SIZE        =     16    ----
   CONSTANT SIZE    =   ----    ----
   XDATA SIZE       =   ----    ----
   PDATA SIZE       =   ----    ----
   DATA SIZE        =   ----    ----
   IDATA SIZE       =   ----    ----
   BIT SIZE         =   ----       1
END OF MODULE INFORMATION.


C51 COMPILATION COMPLETE.  0 WARNING(S),  0 ERROR(S)
